- [原文链接](https://www.percona.com/blog/2014/04/28/oom-relation-vm-swappiness0-new-kernel/)


# 在新版本内核OOM与`vm.swappiness=0`的关系
- 最近我在研究杀死MySQL服务进程的OOM的原因。这些服务器主要用于运行MySQL。因此，MySQL服务进程是分配内存最多的进程。
- 但奇怪的是，在所有场景下，都没有看到有swap活动，而且页面缓存中有足够的页面。讽刺的是所有这些服务器内核版本都是2.6.32-358的CentOS6.4。另一个共同点是`vm.swappiness`都是设置为0。这是一个非常标准的实践，几乎适用于所有运行MySQL的服务器。
- 在进一步深入研究后，我发现内核3.5-rc1中引入了一个更改，在`vm.swappiness=0`改变了swap行为。
- 下面是`vm.swappiness=0`更改后的描述：
```
$ git show fe35004fbf9eaf67482b074a2e032abb9c89b1dd
commit fe35004fbf9eaf67482b074a2e032abb9c89b1dd
Author: Satoru Moriya <satoru.moriya@hds.com>
Date: Tue May 29 15:06:47 2012 -0700

mm: avoid swapping out with swappiness==0

Sometimes we'd like to avoid swapping out anonymous memory. In
particular, avoid swapping out pages of important process or process
groups while there is a reasonable amount of pagecache on RAM so that we
can satisfy our customers' requirements.

OTOH, we can control how aggressive the kernel will swap memory pages with
/proc/sys/vm/swappiness for global and
/sys/fs/cgroup/memory/memory.swappiness for each memcg.

But with current reclaim implementation, the kernel may swap out even if
we set swappiness=0 and there is pagecache in RAM.

This patch changes the behavior with swappiness==0. If we set
swappiness==0, the kernel does not swap out completely (for global reclaim
until the amount of free pages and filebacked pages in a zone has been
reduced to something very very small (nr_free + nr_filebacked < high
watermark)).

Signed-off-by: Satoru Moriya <satoru.moriya@hds.com>
Acked-by: Minchan Kim <minchan@kernel.org>
Reviewed-by: Rik van Riel <riel@redhat.com>
Acked-by: Jerome Marchand <jmarchan@redhat.com>
Signed-off-by: Andrew Morton <akpm@linux-foundation.org>
Signed-off-by: Linus Torvalds <torvalds@linux-foundation.org>

diff --git a/mm/vmscan.c b/mm/vmscan.c
index 67a4fd4..ee97530 100644
--- a/mm/vmscan.c
+++ b/mm/vmscan.c
@@ -1761,10 +1761,10 @@ static void get_scan_count(struct mem_cgroup_zone *mz, struct scan_control *sc,
* proportional to the fraction of recently scanned pages on
* each list that were recently referenced and in active use.
*/
- ap = (anon_prio + 1) * (reclaim_stat->recent_scanned[0] + 1);
+ ap = anon_prio * (reclaim_stat->recent_scanned[0] + 1);
ap /= reclaim_stat->recent_rotated[0] + 1;

- fp = (file_prio + 1) * (reclaim_stat->recent_scanned[1] + 1);
+ fp = file_prio * (reclaim_stat->recent_scanned[1] + 1);
fp /= reclaim_stat->recent_rotated[1] + 1;
spin_unlock_irq(&mz->zone->lru_lock);

@@ -1777,7 +1777,7 @@ out:
unsigned long scan;
 scan = zone_nr_lru_pages(mz, lru);
- if (priority || noswap) {
+ if (priority || noswap || !vmscan_swappiness(mz, sc)) {
scan >>= priority;
if (!scan && force_scan)
scan = SWAP_CLUSTER_MAX;
```
- 这个更改被合并到了RHEL内核2.6.32-303版本中：
```
* Mon Aug 27 2012 Jarod Wilson <jarod@redhat.com> [2.6.32-303.el6]
...
- [mm] avoid swapping out with swappiness==0 (Satoru Moriya) [787885]
```
- 这显然改变了我们对`vm.swappiness=0`的看法。以前，将这个值设置为0被认为可以减少使用swap的趋势，但不会完全禁用它。因此，预期是看到少量swap而不是OOM。
- 这适用于所有大于2.6.32-303的RHEL/CentOS内核版本，也适用于其他提供新内核的发行版本，如Debian和Ubuntu。
- 分享一个OOM事件记录到系统日志的内存区域相关统计数据。
```
Mar 11 11:01:45 db01 kernel: Node 0 DMA: 4*4kB 2*8kB 2*16kB 0*32kB 2*64kB 1*128kB 0*256kB 0*512kB 1*1024kB 1*2048kB 3*4096kB = 15680kB
Mar 11 11:01:45 db01 kernel: Node 0 DMA32: 6*4kB 22*8kB 444*16kB 374*32kB 129*64kB 26*128kB 15*256kB 17*512kB 2*1024kB 0*2048kB 0*4096kB = 45448kB
Mar 11 11:01:45 db01 kernel: Node 0 Normal: 825*4kB 1012*8kB 382*16kB 169*32kB 69*64kB 74*128kB 14*256kB 0*512kB 0*1024kB 1*2048kB 0*4096kB = 42436kB
Mar 11 11:01:45 db01 kernel: 452844 total pagecache pages
Mar 11 11:01:45 db01 kernel: 0 pages in swap cache
Mar 11 11:01:45 db01 kernel: Swap cache stats: add 0, delete 0, find 0/0
Mar 11 11:01:45 db01 kernel: Free swap  = 4128760kB
Mar 11 11:01:45 db01 kernel: Total swap = 4128760kB
...
Mar 11 11:01:45 db01 kernel: Node 0 DMA free:15680kB min:124kB low:152kB high:184kB active_anon:0kB inactive_anon:0kB active_file:0kB inactive_file:0kB unevictable:0kB isolated(anon):0kB isolated(file):0kB present:15284kB mlocked:0kB dirty:0kB writeback:0kB mapped:0kB shmem:0kB slab_reclaimable:0kB slab_unreclaimable:0kB kernel_stack:0kB pagetables:0kB unstable:0kB bounce:0kB writeback_tmp:0kB pages_scanned:0 all_unreclaimable? yes
Mar 11 11:01:45 db01 kernel: Node 0 DMA32 free:45448kB min:25140kB low:31424kB high:37708kB active_anon:1741812kB inactive_anon:520348kB active_file:4792kB inactive_file:462576kB unevictable:0kB isolated(anon):0kB isolated(file):0kB present:3072160kB mlocked:0kB dirty:386328kB writeback:76268kB mapped:936kB shmem:0kB slab_reclaimable:20420kB slab_unreclaimable:6964kB kernel_stack:0kB pagetables:572kB unstable:0kB bounce:0kB writeback_tmp:0kB pages_scanned:142592 all_unreclaimable? no
Mar 11 11:01:45 db01 kernel: Node 0 Normal free:42436kB min:42316kB low:52892kB high:63472kB active_anon:3041852kB inactive_anon:643624kB active_file:340156kB inactive_file:1003512kB unevictable:0kB isolated(anon):0kB isolated(file):0kB present:5171200kB mlocked:0kB dirty:979444kB writeback:22040kB mapped:15616kB shmem:180kB slab_reclaimable:41052kB slab_unreclaimable:35996kB kernel_stack:2720kB pagetables:19912kB unstable:0kB bounce:0kB writeback_tmp:0kB pages_scanned:31552 all_unreclaimable? no
```
- 可以看到，可用内存和缓存都大于高水位线，这阻止了swap。然而不必要的内存压力导致调用了OOM，从而杀死了MySQL服务进程。
- MySQL可能因很多原因会OOM，可能会产生不良影响，比如因`innodb_flush_log_at_trx_commit=0`导致丢失未提交的事务，或尚未刷新事务到日志中，或者因为重启时的冷缓存而造成更严重的影响。
- 我更喜欢`vm.swappiness`旧版本，因此我现在将它的值设置为“1”。设置`vm.swappiness=0`意味着您现在必须更准确地配置各种全局缓冲区和会话缓冲区的大小。
